// Jest Snapshot v1, https://goo.gl/fbAQLP

exports[`renders a Lightbox component 1`] = `<div />`;
