exports[`Lightbox (Snapshot) renders a lightbox container 1`] = `null`;
