// Jest Snapshot v1, https://goo.gl/fbAQLP

exports[`renders a Thumb component 1`] = `
<li
  className="thumb"
  style={
    Object {
      "backgroundImage": "url(\\"thumb\\")",
    }
  }
>
  <a
    className="thumb__link"
    href="path"
    onClick={[Function]}
    rel="noopener noreferrer"
    target="_blank"
  >
    <span
      className="thumb__title"
    >
      title
    </span>
  </a>
</li>
`;
